<html>
<body>
<pre>
<h1>µVision Build Log</h1>
<h2>Project:</h2>
C:\Keil\EE319KwareSpring2018\Astro Party\bin\AstroParty.uvproj
Project File Date:  05/22/2018

<h2>Output:</h2>
Rebuild target 'AstroParty'
compiling ADC.c...
compiling AstroParty.c...
compiling DAC.c...
compiling GamePhysics.c...
compiling InputHardware.c...
compiling LCDBuffer.c...
compiling PLL.c...
compiling RandomGenerate.c...
compiling Sound.c...
compiling ST7735.c...
compiling Timer0.c...
assembling LCD.s...
assembling Print.s...
assembling random.s...
assembling startup.s...
linking...
Program Size: Code=22912 RO-data=189992 RW-data=184 ZI-data=27576  
".\AstroParty.axf" - 0 Error(s), 0 Warning(s).
</pre>
</body>
</html>
