ARM Linker, 5.03 [Build 76] [MDK-ARM Professional]

==============================================================================

Section Cross References

    astroparty.o(i.cacheMapInit) refers to rt_memcpy_w.o(.text) for __aeabi_memcpy4
    astroparty.o(i.cacheMapInit) refers to astroparty.o(.constdata) for .constdata
    astroparty.o(i.cacheMapInit) refers to astroparty.o(.data) for kills
    astroparty.o(i.cacheMapInit) refers to astroparty.o(.bss) for game
    astroparty.o(i.changeMenuItem) refers to adc.o(i.menuScale) for menuScale
    astroparty.o(i.changeMenuItem) refers to lcdbuffer.o(i.fillRect) for fillRect
    astroparty.o(i.changeMenuItem) refers to lcdbuffer.o(i.draw) for draw
    astroparty.o(i.changeMenuItem) refers to adc.o(i.ADC_In) for ADC_In
    astroparty.o(i.changeMenuItem) refers to st7735.o(i.ST7735_DrawBitmap8) for ST7735_DrawBitmap8
    astroparty.o(i.changeMenuItem) refers to inputhardware.o(.data) for ADCValue
    astroparty.o(i.changeMenuItem) refers to astroparty.o(.constdata) for P1_8
    astroparty.o(i.changeMenuItem) refers to astroparty.o(.data) for menuItem
    astroparty.o(i.changeMenuItem) refers to astroparty.o(.bss) for screenBuffer
    astroparty.o(i.cornerMapInit) refers to rt_memcpy_w.o(.text) for __aeabi_memcpy4
    astroparty.o(i.cornerMapInit) refers to astroparty.o(.constdata) for .constdata
    astroparty.o(i.cornerMapInit) refers to astroparty.o(.data) for kills
    astroparty.o(i.cornerMapInit) refers to astroparty.o(.bss) for game
    astroparty.o(i.gameInit) refers to lcdbuffer.o(i.clear) for clear
    astroparty.o(i.gameInit) refers to astroparty.o(i.playerInit) for playerInit
    astroparty.o(i.gameInit) refers to randomgenerate.o(i.Seed) for Seed
    astroparty.o(i.gameInit) refers to randomgenerate.o(i.randomGenerate) for randomGenerate
    astroparty.o(i.gameInit) refers to astroparty.o(i.cornerMapInit) for cornerMapInit
    astroparty.o(i.gameInit) refers to astroparty.o(i.hallMapInit) for hallMapInit
    astroparty.o(i.gameInit) refers to astroparty.o(i.cacheMapInit) for cacheMapInit
    astroparty.o(i.gameInit) refers to astroparty.o(i.powerUpInit) for powerUpInit
    astroparty.o(i.gameInit) refers to lcdbuffer.o(i.draw) for draw
    astroparty.o(i.gameInit) refers to lcdbuffer.o(i.drawPlayer) for drawPlayer
    astroparty.o(i.gameInit) refers to lcdbuffer.o(i.drawWalls) for drawWalls
    astroparty.o(i.gameInit) refers to lcdbuffer.o(i.drawPowerUps) for drawPowerUps
    astroparty.o(i.gameInit) refers to astroparty.o(.data) for randomInd
    astroparty.o(i.gameInit) refers to astroparty.o(.bss) for game
    astroparty.o(i.hallMapInit) refers to rt_memcpy_w.o(.text) for __aeabi_memcpy4
    astroparty.o(i.hallMapInit) refers to astroparty.o(.constdata) for .constdata
    astroparty.o(i.hallMapInit) refers to astroparty.o(.data) for kills
    astroparty.o(i.hallMapInit) refers to astroparty.o(.bss) for game
    astroparty.o(i.main) refers to pll.o(i.PLL_Init) for PLL_Init
    astroparty.o(i.main) refers to inputhardware.o(i.Port_Init) for Port_Init
    astroparty.o(i.main) refers to sound.o(i.Sound_Init) for Sound_Init
    astroparty.o(i.main) refers to st7735.o(i.Output_Init) for Output_Init
    astroparty.o(i.main) refers to st7735.o(i.ST7735_DrawBitmap16) for ST7735_DrawBitmap16
    astroparty.o(i.main) refers to inputhardware.o(i.SysTick_Init) for SysTick_Init
    astroparty.o(i.main) refers to startup.o(.text) for EnableInterrupts
    astroparty.o(i.main) refers to astroparty.o(i.startScreen) for startScreen
    astroparty.o(i.main) refers to astroparty.o(i.menu) for menu
    astroparty.o(i.main) refers to astroparty.o(i.gameInit) for gameInit
    astroparty.o(i.main) refers to inputhardware.o(i.EdgeCounter_Init) for EdgeCounter_Init
    astroparty.o(i.main) refers to astroparty.o(i.update) for update
    astroparty.o(i.main) refers to st7735.o(i.ST7735_DrawBitmap8) for ST7735_DrawBitmap8
    astroparty.o(i.main) refers to astroparty.o(i.win) for win
    astroparty.o(i.main) refers to astroparty.o(.data) for stage
    astroparty.o(i.main) refers to astroparty.o(.constdata) for Astro_Start_Menu
    astroparty.o(i.main) refers to astroparty.o(.bss) for screenBuffer
    astroparty.o(i.menu) refers to st7735.o(i.ST7735_FillScreen) for ST7735_FillScreen
    astroparty.o(i.menu) refers to lcdbuffer.o(i.clear) for clear
    astroparty.o(i.menu) refers to lcdbuffer.o(i.draw) for draw
    astroparty.o(i.menu) refers to st7735.o(i.ST7735_DrawBitmap8) for ST7735_DrawBitmap8
    astroparty.o(i.menu) refers to astroparty.o(i.changeMenuItem) for changeMenuItem
    astroparty.o(i.menu) refers to astroparty.o(i.selectMenuItem) for selectMenuItem
    astroparty.o(i.menu) refers to astroparty.o(.data) for killsBtns
    astroparty.o(i.menu) refers to astroparty.o(.constdata) for Start
    astroparty.o(i.menu) refers to astroparty.o(.bss) for screenBuffer
[...]
    ../fplib/dcmpi.s                         0x00000000   Number         0  dcmpi.o ABSOLUTE
    ../fplib/ddiv.s                          0x00000000   Number         0  ddiv.o ABSOLUTE
    ../fplib/dfix.s                          0x00000000   Number         0  dfix.o ABSOLUTE
    ../fplib/dfixu.s                         0x00000000   Number         0  dfixu.o ABSOLUTE
    ../fplib/dflt.s                          0x00000000   Number         0  dflt_clz.o ABSOLUTE
    ../fplib/dleqf.s                         0x00000000   Number         0  dleqf.o ABSOLUTE
    ../fplib/dmul.s                          0x00000000   Number         0  dmul.o ABSOLUTE
    ../fplib/dnaninf.s                       0x00000000   Number         0  dnaninf.o ABSOLUTE
    ../fplib/dretinf.s                       0x00000000   Number         0  dretinf.o ABSOLUTE
    ../fplib/drleqf.s                        0x00000000   Number         0  drleqf.o ABSOLUTE
    ../fplib/fpinit.s                        0x00000000   Number         0  fpinit.o ABSOLUTE
    ../fplib/retnan.s                        0x00000000   Number         0  retnan.o ABSOLUTE
    ../fplib/scalbn.s                        0x00000000   Number         0  scalbn.o ABSOLUTE
    ../fplib/trapv.s                         0x00000000   Number         0  trapv.o ABSOLUTE
    ../fplib/usenofp.s                       0x00000000   Number         0  usenofp.o ABSOLUTE
    ../mathlib/cos.c                         0x00000000   Number         0  cos.o ABSOLUTE
    ../mathlib/cos.c                         0x00000000   Number         0  cos_x.o ABSOLUTE
    ../mathlib/cos_i.c                       0x00000000   Number         0  cos_i.o ABSOLUTE
    ../mathlib/dunder.c                      0x00000000   Number         0  dunder.o ABSOLUTE
    ../mathlib/fpclassify.c                  0x00000000   Number         0  fpclassify.o ABSOLUTE
    ../mathlib/poly.c                        0x00000000   Number         0  poly.o ABSOLUTE
    ../mathlib/rred.c                        0x00000000   Number         0  rred.o ABSOLUTE
    ../mathlib/sin.c                         0x00000000   Number         0  sin.o ABSOLUTE
    ../mathlib/sin.c                         0x00000000   Number         0  sin_x.o ABSOLUTE
    ../mathlib/sin_i.c                       0x00000000   Number         0  sin_i.o ABSOLUTE
    ../mathlib/sin_i.c                       0x00000000   Number         0  sin_i_x.o ABSOLUTE
    ..\src\ADC.c                             0x00000000   Number         0  adc.o ABSOLUTE
    ..\src\AstroParty.c                      0x00000000   Number         0  astroparty.o ABSOLUTE
    ..\src\DAC.c                             0x00000000   Number         0  dac.o ABSOLUTE
    ..\src\GamePhysics.c                     0x00000000   Number         0  gamephysics.o ABSOLUTE
    ..\src\InputHardware.c                   0x00000000   Number         0  inputhardware.o ABSOLUTE
    ..\src\LCD.s                             0x00000000   Number         0  lcd.o ABSOLUTE
    ..\src\LCDBuffer.c                       0x00000000   Number         0  lcdbuffer.o ABSOLUTE
    ..\src\PLL.c                             0x00000000   Number         0  pll.o ABSOLUTE
    ..\src\Print.s                           0x00000000   Number         0  print.o ABSOLUTE
    ..\src\RandomGenerate.c                  0x00000000   Number         0  randomgenerate.o ABSOLUTE
    ..\src\ST7735.c                          0x00000000   Number         0  st7735.o ABSOLUTE
    ..\src\Sound.c                           0x00000000   Number         0  sound.o ABSOLUTE
    ..\src\Timer0.c                          0x00000000   Number         0  timer0.o ABSOLUTE
    ..\src\random.s                          0x00000000   Number         0  random.o ABSOLUTE
    ..\src\startup.s                         0x00000000   Number         0  startup.o ABSOLUTE
    dc.s                                     0x00000000   Number         0  dc.o ABSOLUTE
    !!!main                                  0x00000284   Section        8  __main.o(!!!main)
    !!!scatter                               0x0000028c   Section       52  __scatter.o(!!!scatter)
    !!handler_copy                           0x000002c0   Section       26  __scatter_copy.o(!!handler_copy)
    !!handler_zi                             0x000002dc   Section       28  __scatter_zi.o(!!handler_zi)
    .ARM.Collect$$libinit$$00000000          0x000002f8   Section        2  libinit.o(.ARM.Collect$$libinit$$00000000)
    .ARM.Collect$$libinit$$00000002          0x000002fa   Section        0  libinit2.o(.ARM.Collect$$libinit$$00000002)
    .ARM.Collect$$libinit$$00000008          0x000002fa   Section        0  libinit2.o(.ARM.Collect$$libinit$$00000008)
    .ARM.Collect$$libinit$$0000000A          0x000002fa   Section        0  libinit2.o(.ARM.Collect$$libinit$$0000000A)
    .ARM.Collect$$libinit$$0000000C          0x000002fa   Section        0  libinit2.o(.ARM.Collect$$libinit$$0000000C)
    .ARM.Collect$$libinit$$0000000F          0x000002fa   Section        0  libinit2.o(.ARM.Collect$$libinit$$0000000F)
    .ARM.Collect$$libinit$$00000011          0x000002fa   Section        0  libinit2.o(.ARM.Collect$$libinit$$00000011)
    .ARM.Collect$$libinit$$00000013          0x000002fa   Section        0  libinit2.o(.ARM.Collect$$libinit$$00000013)
    .ARM.Collect$$libinit$$00000015          0x000002fa   Section        0  libinit2.o(.ARM.Collect$$libinit$$00000015)
    .ARM.Collect$$libinit$$00000017          0x000002fa   Section        0  libinit2.o(.ARM.Collect$$libinit$$00000017)
    .ARM.Collect$$libinit$$00000019          0x000002fa   Section        0  libinit2.o(.ARM.Collect$$libinit$$00000019)
    .ARM.Collect$$libinit$$0000001B          0x000002fa   Section        0  libinit2.o(.ARM.Collect$$libinit$$0000001B)
    .ARM.Collect$$libinit$$0000001D          0x000002fa   Section        0  libinit2.o(.ARM.Collect$$libinit$$0000001D)
    .ARM.Collect$$libinit$$0000001F          0x000002fa   Section        0  libinit2.o(.ARM.Collect$$libinit$$0000001F)
    .ARM.Collect$$libinit$$00000021          0x000002fa   Section        0  libinit2.o(.ARM.Collect$$libinit$$00000021)
    .ARM.Collect$$libinit$$00000023          0x000002fa   Section        0  libinit2.o(.ARM.Collect$$libinit$$00000023)
    .ARM.Collect$$libinit$$0000002A          0x000002fa   Section        0  libinit2.o(.ARM.Collect$$libinit$$0000002A)
    .ARM.Collect$$libinit$$0000002C          0x000002fa   Section        0  libinit2.o(.ARM.Collect$$libinit$$0000002C)
    .ARM.Collect$$libinit$$0000002E          0x000002fa   Section        0  libinit2.o(.ARM.Collect$$libinit$$0000002E)
    .ARM.Collect$$libinit$$00000030          0x000002fa   Section        0  libinit2.o(.ARM.Collect$$libinit$$00000030)
    .ARM.Collect$$libinit$$00000031          0x000002fa   Section        2  libinit2.o(.ARM.Collect$$libinit$$00000031)
    .ARM.Collect$$libshutdown$$00000000      0x000002fc   Section        2  libshutdown.o(.ARM.Collect$$libshutdown$$00000000)
    .ARM.Collect$$libshutdown$$00000003      0x000002fe   Section        0  libshutdown2.o(.ARM.Collect$$libshutdown$$00000003)
    .ARM.Collect$$libshutdown$$00000006      0x000002fe   Section        0  libshutdown2.o(.ARM.Collect$$libshutdown$$00000006)
    .ARM.Collect$$libshutdown$$00000009      0x000002fe   Section        0  libshutdown2.o(.ARM.Collect$$libshutdown$$00000009)
    .ARM.Collect$$libshutdown$$0000000B      0x000002fe   Section        0  libshutdown2.o(.ARM.Collect$$libshutdown$$0000000B)
    .ARM.Collect$$libshutdown$$0000000E      0x000002fe   Section        0  libshutdown2.o(.ARM.Collect$$libshutdown$$0000000E)
    .ARM.Collect$$libshutdown$$0000000F      0x000002fe   Section        2  libshutdown2.o(.ARM.Collect$$libshutdown$$0000000F)
    .ARM.Collect$$rtentry$$00000000          0x00000300   Section        0  rtentry.o(.ARM.Collect$$rtentry$$00000000)
    .ARM.Collect$$rtentry$$00000002          0x00000300   Section        0  rtentry2.o(.ARM.Collect$$rtentry$$00000002)
    .ARM.Collect$$rtentry$$00000004          0x00000300   Section        6  rtentry4.o(.ARM.Collect$$rtentry$$00000004)
    .ARM.Collect$$rtentry$$00000009          0x00000306   Section        0  rtentry2.o(.ARM.Collect$$rtentry$$00000009)
    .ARM.Collect$$rtentry$$0000000A          0x00000306   Section        4  rtentry2.o(.ARM.Collect$$rtentry$$0000000A)
    .ARM.Collect$$rtentry$$0000000C          0x0000030a   Section        0  rtentry2.o(.ARM.Collect$$rtentry$$0000000C)
    .ARM.Collect$$rtentry$$0000000D          0x0000030a   Section        8  rtentry2.o(.ARM.Collect$$rtentry$$0000000D)
    .ARM.Collect$$rtexit$$00000000           0x00000312   Section        2  rtexit.o(.ARM.Collect$$rtexit$$00000000)
    .ARM.Collect$$rtexit$$00000002           0x00000314   Section        0  rtexit2.o(.ARM.Collect$$rtexit$$00000002)
    .ARM.Collect$$rtexit$$00000003           0x00000314   Section        4  rtexit2.o(.ARM.Collect$$rtexit$$00000003)
    .ARM.Collect$$rtexit$$00000004           0x00000318   Section        6  rtexit2.o(.ARM.Collect$$rtexit$$00000004)
    .text                                    0x00000320   Section       80  lcd.o(.text)
    .text                                    0x00000370   Section       64  random.o(.text)
    .text                                    0x000003b0   Section       48  startup.o(.text)
    .text                                    0x000003e0   Section      100  rt_memcpy_w.o(.text)
    .text                                    0x00000444   Section        0  heapauxi.o(.text)
    .text                                    0x0000044a   Section        0  _rserrno.o(.text)
    .text                                    0x00000460   Section        8  rt_errno_addr_intlibspace.o(.text)
    .text                                    0x00000468   Section        8  libspace.o(.text)
    .text                                    0x00000470   Section       74  sys_stackheap_outer.o(.text)
    .text                                    0x000004ba   Section        0  exit.o(.text)
    .text                                    0x000004c8   Section        0  sys_exit.o(.text)
    .text                                    0x000004d4   Section        2  use_no_semi.o(.text)
    .text                                    0x000004d6   Section        0  indicate_semi.o(.text)
    i.ADC_In                                 0x000004d8   Section        0  adc.o(i.ADC_In)
    i.ADC_Init                               0x00000504   Section        0  adc.o(i.ADC_Init)
    i.DAC_Init                               0x000005f8   Section        0  dac.o(i.DAC_Init)
    i.DAC_Out                                0x00000664   Section        0  dac.o(i.DAC_Out)
    i.Delay1ms                               0x000006a8   Section        0  st7735.o(i.Delay1ms)
    i.EdgeCounter_Init                       0x000006c8   Section        0  inputhardware.o(i.EdgeCounter_Init)
    i.GPIOPortF_Handler                      0x0000079c   Section        0  inputhardware.o(i.GPIOPortF_Handler)
    i.Output_Init                            0x000007c8   Section        0  st7735.o(i.Output_Init)
    i.PLL_Init                               0x000007d8   Section        0  pll.o(i.PLL_Init)
    i.Port_Init                              0x00000854   Section        0  inputhardware.o(i.Port_Init)
    i.ST7735_Convert                         0x0000091c   Section        0  st7735.o(i.ST7735_Convert)
    i.ST7735_DrawBitmap16                    0x0000095c   Section        0  st7735.o(i.ST7735_DrawBitmap16)
    i.ST7735_DrawBitmap8                     0x00000a7c   Section        0  st7735.o(i.ST7735_DrawBitmap8)
    i.ST7735_FillRect                        0x00000ba8   Section        0  st7735.o(i.ST7735_FillRect)
    i.ST7735_FillScreen                      0x00000c54   Section        0  st7735.o(i.ST7735_FillScreen)
    i.ST7735_InitR                           0x00000c78   Section        0  st7735.o(i.ST7735_InitR)
    i.ST7735_SetCursor                       0x00000cf4   Section        0  st7735.o(i.ST7735_SetCursor)
    i.Seed                                   0x00000d14   Section        0  randomgenerate.o(i.Seed)
    i.Sound_Explosion1                       0x00000d24   Section        0  sound.o(i.Sound_Explosion1)
    i.Sound_Explosion2                       0x00000d38   Section        0  sound.o(i.Sound_Explosion2)
    i.Sound_Init                             0x00000d4c   Section        0  sound.o(i.Sound_Init)
    i.Sound_NoShoot                          0x00000d5c   Section        0  sound.o(i.Sound_NoShoot)
    i.Sound_P1Win                            0x00000d70   Section        0  sound.o(i.Sound_P1Win)
    i.Sound_P2Win                            0x00000d84   Section        0  sound.o(i.Sound_P2Win)
    i.Sound_Shoot                            0x00000d98   Section        0  sound.o(i.Sound_Shoot)
    i.SysTick_Handler                        0x00000dac   Section        0  inputhardware.o(i.SysTick_Handler)
    i.SysTick_Init                           0x00000f80   Section        0  inputhardware.o(i.SysTick_Init)
    i.Timer0A_Handler                        0x00000fbc   Section        0  timer0.o(i.Timer0A_Handler)
    i.Timer0A_SoundSet                       0x00001000   Section        0  timer0.o(i.Timer0A_SoundSet)
    i.Timer0_Init                            0x0000102c   Section        0  timer0.o(i.Timer0_Init)
    i.__ARM_fpclassify                       0x00001088   Section        0  fpclassify.o(i.__ARM_fpclassify)
    i.__ieee754_rem_pio2                     0x000010b0   Section        0  rred.o(i.__ieee754_rem_pio2)
    i.__kernel_cos                           0x00001438   Section        0  cos_i.o(i.__kernel_cos)
    i.__kernel_poly                          0x00001534   Section        0  poly.o(i.__kernel_poly)
    i.__kernel_sin                           0x000015e0   Section        0  sin_i.o(i.__kernel_sin)
    i.__mathlib_dbl_underflow                0x000016cc   Section        0  dunder.o(i.__mathlib_dbl_underflow)
    i.acceleratePlayer                       0x000016dc   Section        0  gamephysics.o(i.acceleratePlayer)
    i.audioScale                             0x00001820   Section        0  dac.o(i.audioScale)
    i.bulletCD                               0x0000184c   Section        0  gamephysics.o(i.bulletCD)
    i.cacheMapInit                           0x00001a54   Section        0  astroparty.o(i.cacheMapInit)
    i.changeMenuItem                         0x00001a94   Section        0  astroparty.o(i.changeMenuItem)
    i.clear                                  0x00001b84   Section        0  lcdbuffer.o(i.clear)
    i.commandList                            0x00001b9c   Section        0  st7735.o(i.commandList)
    commandList                              0x00001b9d   Thumb Code    86  st7735.o(i.commandList)
    i.commonInit                             0x00001bf4   Section        0  st7735.o(i.commonInit)
    commonInit                               0x00001bf5   Thumb Code   340  st7735.o(i.commonInit)
    i.cornerMapInit                          0x00001d78   Section        0  astroparty.o(i.cornerMapInit)
    i.cos                                    0x00001db8   Section        0  cos.o(i.cos)
    i.draw                                   0x00001e64   Section        0  lcdbuffer.o(i.draw)
    i.drawBullet                             0x00001f7c   Section        0  lcdbuffer.o(i.drawBullet)
    i.drawBulletExplosion                    0x00001fe8   Section        0  lcdbuffer.o(i.drawBulletExplosion)
    i.drawLaser                              0x00002024   Section        0  lcdbuffer.o(i.drawLaser)
    i.drawParticle                           0x000020a8   Section        0  lcdbuffer.o(i.drawParticle)
    i.drawPlayer                             0x000020c4   Section        0  lcdbuffer.o(i.drawPlayer)
    i.drawPowerUps                           0x000021c0   Section        0  lcdbuffer.o(i.drawPowerUps)
    i.drawWalls                              0x0000228c   Section        0  lcdbuffer.o(i.drawWalls)
    i.eraseLaser                             0x000023e8   Section        0  lcdbuffer.o(i.eraseLaser)
    i.eraseParticle                          0x00002534   Section        0  lcdbuffer.o(i.eraseParticle)
    i.eraseRect                              0x00002558   Section        0  lcdbuffer.o(i.eraseRect)
    i.fillRect                               0x00002604   Section        0  lcdbuffer.o(i.fillRect)
    i.gameInit                               0x000026a4   Section        0  astroparty.o(i.gameInit)
    i.hallMapInit                            0x00002720   Section        0  astroparty.o(i.hallMapInit)
    i.laserCD                                0x00002760   Section        0  gamephysics.o(i.laserCD)
    i.main                                   0x00002880   Section        0  astroparty.o(i.main)
    i.menu                                   0x00002924   Section        0  astroparty.o(i.menu)
    i.menuScale                              0x000029f0   Section        0  adc.o(i.menuScale)
    i.moveBullets                            0x00002a14   Section        0  gamephysics.o(i.moveBullets)
    i.moveParticles                          0x00002e88   Section        0  gamephysics.o(i.moveParticles)
    i.movePlayer                             0x0000301c   Section        0  gamephysics.o(i.movePlayer)
    i.particleGenerate                       0x00003618   Section        0  gamephysics.o(i.particleGenerate)
    i.pauseGame                              0x00003760   Section        0  astroparty.o(i.pauseGame)
    i.playerCD                               0x00003770   Section        0  gamephysics.o(i.playerCD)
    i.playerInit                             0x000038e8   Section        0  astroparty.o(i.playerInit)
    i.powerUpCD                              0x00003988   Section        0  gamephysics.o(i.powerUpCD)
    i.powerUpInit                            0x00003b24   Section        0  astroparty.o(i.powerUpInit)
    i.randomGenerate                         0x00003e14   Section        0  randomgenerate.o(i.randomGenerate)
    i.resetGame                              0x00003e30   Section        0  astroparty.o(i.resetGame)
    i.resetP1                                0x00003eac   Section        0  astroparty.o(i.resetP1)
    i.resetP2                                0x00003f4c   Section        0  astroparty.o(i.resetP2)
    i.rotatePlayer                           0x00003fec   Section        0  gamephysics.o(i.rotatePlayer)
    i.selectMenuItem                         0x00004050   Section        0  astroparty.o(i.selectMenuItem)
    i.setAddrWindow                          0x00004114   Section        0  st7735.o(i.setAddrWindow)
    setAddrWindow                            0x00004115   Thumb Code   106  st7735.o(i.setAddrWindow)
    i.shootBullet                            0x00004188   Section        0  gamephysics.o(i.shootBullet)
    i.shootLaser                             0x000044a8   Section        0  gamephysics.o(i.shootLaser)
    i.sin                                    0x00004a80   Section        0  sin.o(i.sin)
    i.spawnPowerUps                          0x00004b30   Section        0  gamephysics.o(i.spawnPowerUps)
    i.startScreen                            0x00004b7c   Section        0  astroparty.o(i.startScreen)
    i.update                                 0x00004ba4   Section        0  astroparty.o(i.update)
    i.wallBulletCD                           0x00004c8c   Section        0  gamephysics.o(i.wallBulletCD)
    i.win                                    0x00004d88   Section        0  astroparty.o(i.win)
    x$fpl$dadd                               0x00004e88   Section      336  daddsub_clz.o(x$fpl$dadd)
    _dadd1                                   0x00004e99   Thumb Code     0  daddsub_clz.o(x$fpl$dadd)
    x$fpl$dcheck1                            0x00004fd8   Section       16  dcheck1.o(x$fpl$dcheck1)
    x$fpl$dcmpinf                            0x00004fe8   Section       24  dcmpi.o(x$fpl$dcmpinf)
    x$fpl$ddiv                               0x00005000   Section      688  ddiv.o(x$fpl$ddiv)
    ddiv_entry                               0x00005007   Thumb Code     0  ddiv.o(x$fpl$ddiv)
    x$fpl$dfix                               0x000052b0   Section       94  dfix.o(x$fpl$dfix)
    x$fpl$dfixu                              0x00005310   Section       90  dfixu.o(x$fpl$dfixu)
    x$fpl$dflt                               0x0000536a   Section       46  dflt_clz.o(x$fpl$dflt)
    x$fpl$dfltu                              0x00005398   Section       38  dflt_clz.o(x$fpl$dfltu)
    x$fpl$dleqf                              0x000053c0   Section      120  dleqf.o(x$fpl$dleqf)
    x$fpl$dmul                               0x00005438   Section      340  dmul.o(x$fpl$dmul)
    x$fpl$dnaninf                            0x0000558c   Section      156  dnaninf.o(x$fpl$dnaninf)
    x$fpl$dretinf                            0x00005628   Section       12  dretinf.o(x$fpl$dretinf)
    x$fpl$drleqf                             0x00005634   Section      108  drleqf.o(x$fpl$drleqf)
    x$fpl$drsb                               0x000056a0   Section       22  daddsub_clz.o(x$fpl$drsb)
    x$fpl$dsub                               0x000056b8   Section      468  daddsub_clz.o(x$fpl$dsub)
    _dsub1                                   0x000056c9   Thumb Code     0  daddsub_clz.o(x$fpl$dsub)
    x$fpl$retnan                             0x0000588c   Section      100  retnan.o(x$fpl$retnan)
    x$fpl$scalbn                             0x000058f0   Section       92  scalbn.o(x$fpl$scalbn)
    x$fpl$trapveneer                         0x0000594c   Section       48  trapv.o(x$fpl$trapveneer)
    x$fpl$usenofp                            0x0000597c   Section        0  usenofp.o(x$fpl$usenofp)
    .constdata                               0x00005980   Section    137146  astroparty.o(.constdata)
    .constdata                               0x0002713a   Section    50501  sound.o(.constdata)
    .constdata                               0x0003367f   Section     2018  st7735.o(.constdata)
    Font                                     0x0003367f   Data        1275  st7735.o(.constdata)
    Bcmd                                     0x00033b7a   Data         103  st7735.o(.constdata)
    Rcmd1                                    0x00033be1   Data          59  st7735.o(.constdata)
    Rcmd2green                               0x00033c1c   Data          13  st7735.o(.constdata)
    Rcmd2red                                 0x00033c29   Data          13  st7735.o(.constdata)
    Rcmd3                                    0x00033c36   Data          43  st7735.o(.constdata)
    .constdata                               0x00033e68   Section       48  cos_i.o(.constdata)
    C                                        0x00033e68   Data          48  cos_i.o(.constdata)
    .constdata                               0x00033e98   Section      200  rred.o(.constdata)
    pio2s                                    0x00033e98   Data          48  rred.o(.constdata)
    twooverpi                                0x00033ec8   Data         152  rred.o(.constdata)
    .constdata                               0x00033f60   Section       40  sin_i.o(.constdata)
    S                                        0x00033f60   Data          40  sin_i.o(.constdata)
    .data                                    0x20000000   Section       98  astroparty.o(.data)
    .data                                    0x20000064   Section        8  gamephysics.o(.data)
    .data                                    0x2000006c   Section       16  inputhardware.o(.data)
    .data                                    0x2000007c   Section       44  st7735.o(.data)
    _width                                   0x20000086   Data           2  st7735.o(.data)
    _height                                  0x20000088   Data           2  st7735.o(.data)
    ColStart                                 0x20000090   Data           1  st7735.o(.data)
    RowStart                                 0x20000091   Data           1  st7735.o(.data)
    Rotation                                 0x20000092   Data           1  st7735.o(.data)
    TabColor                                 0x20000093   Data           1  st7735.o(.data)
    .data                                    0x200000a8   Section       12  timer0.o(.data)
    soundPt                                  0x200000a8   Data           4  timer0.o(.data)
    arraySize                                0x200000ac   Data           4  timer0.o(.data)
    pd                                       0x200000b0   Data           4  timer0.o(.data)
    DATA                                     0x200000b4   Section        4  random.o(DATA)
    M                                        0x200000b4   Data           4  random.o(DATA)
    .bss                                     0x200000b8   Section    26456  astroparty.o(.bss)
    .bss                                     0x20006810   Section       96  libspace.o(.bss)
    HEAP                                     0x20006870   Section        0  startup.o(HEAP)
    STACK                                    0x20006870   Section     1024  startup.o(STACK)
    HeapMem                                  0x20006870   Data           0  startup.o(HEAP)
    StackMem                                 0x20006870   Data           0  startup.o(STACK)

    Global Symbols

    Symbol Name                              Value     Ov Type        Size  Object(Section)

    BuildAttributes$$THM_ISAv4$E$P$D$K$B$S$7EM$PE$A:L22UL41UL21$X:L11$S22US41US21$IEEE1$IW$USESV6$~STKCKD$USESV7$~SHL$OTIME$ROPI$IEEEX$EBA8$UX$STANDARDLIB$REQ8$PRES8$EABIv2 0x00000000   Number         0  anon$$obj.o ABSOLUTE
    __ARM_use_no_argv                        0x00000000   Number         0  astroparty.o ABSOLUTE
    __Vectors                                0x00000000   Data           0  startup.o(RESET)
    __ARM_exceptions_init                     - Undefined Weak Reference
    __alloca_initialize                       - Undefined Weak Reference
    __cpp_initialize__aeabi_                  - Undefined Weak Reference
    __cxa_finalize                            - Undefined Weak Reference
    __rt_locale                               - Undefined Weak Reference
    __sigvec_lookup                           - Undefined Weak Reference
    _atexit_init                              - Undefined Weak Reference
    _call_atexit_fns                          - Undefined Weak Reference
    _clock_init                               - Undefined Weak Reference
    _fp_trap_init                             - Undefined Weak Reference
    _fp_trap_shutdown                         - Undefined Weak Reference
    _get_lc_collate                           - Undefined Weak Reference
    _get_lc_ctype                             - Undefined Weak Reference
    _get_lc_monetary                          - Undefined Weak Reference
    _get_lc_numeric                           - Undefined Weak Reference
    _get_lc_time                              - Undefined Weak Reference
    _getenv_init                              - Undefined Weak Reference
    _handle_redirection                       - Undefined Weak Reference
    _init_alloc                               - Undefined Weak Reference
    _init_user_alloc                          - Undefined Weak Reference
    _initio                                   - Undefined Weak Reference
    _rand_init                                - Undefined Weak Reference
    _signal_finish                            - Undefined Weak Reference
    _signal_init                              - Undefined Weak Reference
    _terminate_alloc                          - Undefined Weak Reference
    _terminate_user_alloc                     - Undefined Weak Reference
    _terminateio                              - Undefined Weak Reference
    Reset_Handler                            0x0000026d   Thumb Code     0  startup.o(RESET)
    NMI_Handler                              0x00000271   Thumb Code     2  startup.o(RESET)
    HardFault_Handler                        0x00000273   Thumb Code     2  startup.o(RESET)
    MemManage_Handler                        0x00000275   Thumb Code     2  startup.o(RESET)
    BusFault_Handler                         0x00000277   Thumb Code     2  startup.o(RESET)
    UsageFault_Handler                       0x00000279   Thumb Code     2  startup.o(RESET)
    SVC_Handler                              0x0000027b   Thumb Code     2  startup.o(RESET)
    DebugMon_Handler                         0x0000027d   Thumb Code     2  startup.o(RESET)
    PendSV_Handler                           0x0000027f   Thumb Code     2  startup.o(RESET)
    ADC0Seq0_Handler                         0x00000283   Thumb Code     0  startup.o(RESET)
    ADC0Seq1_Handler                         0x00000283   Thumb Code     0  startup.o(RESET)
    ADC0Seq2_Handler                         0x00000283   Thumb Code     0  startup.o(RESET)
    ADC0Seq3_Handler                         0x00000283   Thumb Code     0  startup.o(RESET)
    ADC1Seq0_Handler                         0x00000283   Thumb Code     0  startup.o(RESET)
    ADC1Seq1_Handler                         0x00000283   Thumb Code     0  startup.o(RESET)
    ADC1Seq2_Handler                         0x00000283   Thumb Code     0  startup.o(RESET)
    ADC1Seq3_Handler                         0x00000283   Thumb Code     0  startup.o(RESET)
    CAN0_Handler                             0x00000283   Thumb Code     0  startup.o(RESET)
    CAN1_Handler                             0x00000283   Thumb Code     0  startup.o(RESET)
    CAN2_Handler                             0x00000283   Thumb Code     0  startup.o(RESET)
    Comp0_Handler                            0x00000283   Thumb Code     0  startup.o(RESET)
    Comp1_Handler                            0x00000283   Thumb Code     0  startup.o(RESET)
    Comp2_Handler                            0x00000283   Thumb Code     0  startup.o(RESET)
    Ethernet_Handler                         0x00000283   Thumb Code     0  startup.o(RESET)
    ExtBus_Handler                           0x00000283   Thumb Code     0  startup.o(RESET)
    FPU_Handler                              0x00000283   Thumb Code     0  startup.o(RESET)
    Fan0_Handler                             0x00000283   Thumb Code     0  startup.o(RESET)
    FlashCtl_Handler                         0x00000283   Thumb Code     0  startup.o(RESET)
    GPIOPortA_Handler                        0x00000283   Thumb Code     0  startup.o(RESET)
    GPIOPortB_Handler                        0x00000283   Thumb Code     0  startup.o(RESET)
    GPIOPortC_Handler                        0x00000283   Thumb Code     0  startup.o(RESET)
    GPIOPortD_Handler                        0x00000283   Thumb Code     0  startup.o(RESET)
    GPIOPortE_Handler                        0x00000283   Thumb Code     0  startup.o(RESET)
    GPIOPortG_Handler                        0x00000283   Thumb Code     0  startup.o(RESET)
    GPIOPortH_Handler                        0x00000283   Thumb Code     0  startup.o(RESET)
    GPIOPortJ_Handler                        0x00000283   Thumb Code     0  startup.o(RESET)
    GPIOPortK_Handler                        0x00000283   Thumb Code     0  startup.o(RESET)
    GPIOPortL_Handler                        0x00000283   Thumb Code     0  startup.o(RESET)
    GPIOPortM_Handler                        0x00000283   Thumb Code     0  startup.o(RESET)
    GPIOPortN_Handler                        0x00000283   Thumb Code     0  startup.o(RESET)
    GPIOPortP1_Handler                       0x00000283   Thumb Code     0  startup.o(RESET)
    GPIOPortP2_Handler                       0x00000283   Thumb Code     0  startup.o(RESET)
    GPIOPortP3_Handler                       0x00000283   Thumb Code     0  startup.o(RESET)
    GPIOPortP4_Handler                       0x00000283   Thumb Code     0  startup.o(RESET)
    GPIOPortP5_Handler                       0x00000283   Thumb Code     0  startup.o(RESET)
    GPIOPortP6_Handler                       0x00000283   Thumb Code     0  startup.o(RESET)
    GPIOPortP7_Handler                       0x00000283   Thumb Code     0  startup.o(RESET)
    GPIOPortP_Handler                        0x00000283   Thumb Code     0  startup.o(RESET)
    GPIOPortQ1_Handler                       0x00000283   Thumb Code     0  startup.o(RESET)
    GPIOPortQ2_Handler                       0x00000283   Thumb Code     0  startup.o(RESET)
    GPIOPortQ3_Handler                       0x00000283   Thumb Code     0  startup.o(RESET)
    GPIOPortQ4_Handler                       0x00000283   Thumb Code     0  startup.o(RESET)
    GPIOPortQ5_Handler                       0x00000283   Thumb Code     0  startup.o(RESET)
    GPIOPortQ6_Handler                       0x00000283   Thumb Code     0  startup.o(RESET)
    GPIOPortQ7_Handler                       0x00000283   Thumb Code     0  startup.o(RESET)
    GPIOPortQ_Handler                        0x00000283   Thumb Code     0  startup.o(RESET)
    GPIOPortR_Handler                        0x00000283   Thumb Code     0  startup.o(RESET)
    GPIOPortS_Handler                        0x00000283   Thumb Code     0  startup.o(RESET)
    Hibernate_Handler                        0x00000283   Thumb Code     0  startup.o(RESET)
    I2C0_Handler                             0x00000283   Thumb Code     0  startup.o(RESET)
    I2C1_Handler                             0x00000283   Thumb Code     0  startup.o(RESET)
    I2C2_Handler                             0x00000283   Thumb Code     0  startup.o(RESET)
    I2C3_Handler                             0x00000283   Thumb Code     0  startup.o(RESET)
    I2C4_Handler                             0x00000283   Thumb Code     0  startup.o(RESET)
    I2C5_Handler                             0x00000283   Thumb Code     0  startup.o(RESET)
    I2S0_Handler                             0x00000283   Thumb Code     0  startup.o(RESET)
    LPC0_Handler                             0x00000283   Thumb Code     0  startup.o(RESET)
    PECI0_Handler                            0x00000283   Thumb Code     0  startup.o(RESET)
    PWM0Fault_Handler                        0x00000283   Thumb Code     0  startup.o(RESET)
    PWM0Generator0_Handler                   0x00000283   Thumb Code     0  startup.o(RESET)
    PWM0Generator1_Handler                   0x00000283   Thumb Code     0  startup.o(RESET)
    PWM0Generator2_Handler                   0x00000283   Thumb Code     0  startup.o(RESET)
    PWM0Generator3_Handler                   0x00000283   Thumb Code     0  startup.o(RESET)
    PWM1Fault_Handler                        0x00000283   Thumb Code     0  startup.o(RESET)
    PWM1Generator0_Handler                   0x00000283   Thumb Code     0  startup.o(RESET)
    PWM1Generator1_Handler                   0x00000283   Thumb Code     0  startup.o(RESET)
    PWM1Generator2_Handler                   0x00000283   Thumb Code     0  startup.o(RESET)
    PWM1Generator3_Handler                   0x00000283   Thumb Code     0  startup.o(RESET)
    Quadrature0_Handler                      0x00000283   Thumb Code     0  startup.o(RESET)
    Quadrature1_Handler                      0x00000283   Thumb Code     0  startup.o(RESET)
    Quadrature2_Handler                      0x00000283   Thumb Code     0  startup.o(RESET)
    SSI0_Handler                             0x00000283   Thumb Code     0  startup.o(RESET)
    SSI1_Handler                             0x00000283   Thumb Code     0  startup.o(RESET)
    SSI2_Handler                             0x00000283   Thumb Code     0  startup.o(RESET)
    SSI3_Handler                             0x00000283   Thumb Code     0  startup.o(RESET)
    SysCtl_Handler                           0x00000283   Thumb Code     0  startup.o(RESET)
    Timer0B_Handler                          0x00000283   Thumb Code     0  startup.o(RESET)
    Timer1A_Handler                          0x00000283   Thumb Code     0  startup.o(RESET)
    Timer1B_Handler                          0x00000283   Thumb Code     0  startup.o(RESET)
    Timer2A_Handler                          0x00000283   Thumb Code     0  startup.o(RESET)
    Timer2B_Handler                          0x00000283   Thumb Code     0  startup.o(RESET)
    Timer3A_Handler                          0x00000283   Thumb Code     0  startup.o(RESET)
    Timer3B_Handler                          0x00000283   Thumb Code     0  startup.o(RESET)
    Timer4A_Handler                          0x00000283   Thumb Code     0  startup.o(RESET)
    Timer4B_Handler                          0x00000283   Thumb Code     0  startup.o(RESET)
    Timer5A_Handler                          0x00000283   Thumb Code     0  startup.o(RESET)
    Timer5B_Handler                          0x00000283   Thumb Code     0  startup.o(RESET)
    UART0_Handler                            0x00000283   Thumb Code     0  startup.o(RESET)
    UART1_Handler                            0x00000283   Thumb Code     0  startup.o(RESET)
    UART2_Handler                            0x00000283   Thumb Code     0  startup.o(RESET)
    UART3_Handler                            0x00000283   Thumb Code     0  startup.o(RESET)
    UART4_Handler                            0x00000283   Thumb Code     0  startup.o(RESET)
    UART5_Handler                            0x00000283   Thumb Code     0  startup.o(RESET)
    UART6_Handler                            0x00000283   Thumb Code     0  startup.o(RESET)
    UART7_Handler                            0x00000283   Thumb Code     0  startup.o(RESET)
    USB0_Handler                             0x00000283   Thumb Code     0  startup.o(RESET)
    WDT_Handler                              0x00000283   Thumb Code     0  startup.o(RESET)
    WideTimer0A_Handler                      0x00000283   Thumb Code     0  startup.o(RESET)
    WideTimer0B_Handler                      0x00000283   Thumb Code     0  startup.o(RESET)
    WideTimer1A_Handler                      0x00000283   Thumb Code     0  startup.o(RESET)
    WideTimer1B_Handler                      0x00000283   Thumb Code     0  startup.o(RESET)
    WideTimer2A_Handler                      0x00000283   Thumb Code     0  startup.o(RESET)
    WideTimer2B_Handler                      0x00000283   Thumb Code     0  startup.o(RESET)
    WideTimer3A_Handler                      0x00000283   Thumb Code     0  startup.o(RESET)
    WideTimer3B_Handler                      0x00000283   Thumb Code     0  startup.o(RESET)
    WideTimer4A_Handler                      0x00000283   Thumb Code     0  startup.o(RESET)
    WideTimer4B_Handler                      0x00000283   Thumb Code     0  startup.o(RESET)
    WideTimer5A_Handler                      0x00000283   Thumb Code     0  startup.o(RESET)
    WideTimer5B_Handler                      0x00000283   Thumb Code     0  startup.o(RESET)
    uDMA_Error                               0x00000283   Thumb Code     0  startup.o(RESET)
    uDMA_Handler                             0x00000283   Thumb Code     0  startup.o(RESET)
    __main                                   0x00000285   Thumb Code     8  __main.o(!!!main)
    __scatterload                            0x0000028d   Thumb Code     0  __scatter.o(!!!scatter)
    __scatterload_rt2                        0x0000028d   Thumb Code    44  __scatter.o(!!!scatter)
    __scatterload_rt2_thumb_only             0x0000028d   Thumb Code     0  __scatter.o(!!!scatter)
    __scatterload_null                       0x0000029b   Thumb Code     0  __scatter.o(!!!scatter)
    __scatterload_copy                       0x000002c1   Thumb Code    26  __scatter_copy.o(!!handler_copy)
    __scatterload_zeroinit                   0x000002dd   Thumb Code    28  __scatter_zi.o(!!handler_zi)
    __rt_lib_init                            0x000002f9   Thumb Code     0  libinit.o(.ARM.Collect$$libinit$$00000000)
    __rt_lib_init_alloca_1                   0x000002fb   Thumb Code     0  libinit2.o(.ARM.Collect$$libinit$$0000002C)
    __rt_lib_init_argv_1                     0x000002fb   Thumb Code     0  libinit2.o(.ARM.Collect$$libinit$$0000002A)
    __rt_lib_init_atexit_1                   0x000002fb   Thumb Code     0  libinit2.o(.ARM.Collect$$libinit$$00000019)
    __rt_lib_init_clock_1                    0x000002fb   Thumb Code     0  libinit2.o(.ARM.Collect$$libinit$$0000001F)
    __rt_lib_init_cpp_1                      0x000002fb   Thumb Code     0  libinit2.o(.ARM.Collect$$libinit$$00000030)
    __rt_lib_init_exceptions_1               0x000002fb   Thumb Code     0  libinit2.o(.ARM.Collect$$libinit$$0000002E)
    __rt_lib_init_fp_1                       0x000002fb   Thumb Code     0  libinit2.o(.ARM.Collect$$libinit$$00000002)
    __rt_lib_init_fp_trap_1                  0x000002fb   Thumb Code     0  libinit2.o(.ARM.Collect$$libinit$$0000001D)
    __rt_lib_init_getenv_1                   0x000002fb   Thumb Code     0  libinit2.o(.ARM.Collect$$libinit$$00000021)
    __rt_lib_init_heap_1                     0x000002fb   Thumb Code     0  libinit2.o(.ARM.Collect$$libinit$$00000008)
    __rt_lib_init_lc_collate_1               0x000002fb   Thumb Code     0  libinit2.o(.ARM.Collect$$libinit$$0000000F)
    __rt_lib_init_lc_ctype_1                 0x000002fb   Thumb Code     0  libinit2.o(.ARM.Collect$$libinit$$00000011)
    __rt_lib_init_lc_monetary_1              0x000002fb   Thumb Code     0  libinit2.o(.ARM.Collect$$libinit$$00000013)
    __rt_lib_init_lc_numeric_1               0x000002fb   Thumb Code     0  libinit2.o(.ARM.Collect$$libinit$$00000015)
    __rt_lib_init_lc_time_1                  0x000002fb   Thumb Code     0  libinit2.o(.ARM.Collect$$libinit$$00000017)
    __rt_lib_init_rand_1                     0x000002fb   Thumb Code     0  libinit2.o(.ARM.Collect$$libinit$$0000000C)
    __rt_lib_init_return                     0x000002fb   Thumb Code     0  libinit2.o(.ARM.Collect$$libinit$$00000031)
    __rt_lib_init_signal_1                   0x000002fb   Thumb Code     0  libinit2.o(.ARM.Collect$$libinit$$0000001B)
    __rt_lib_init_stdio_1                    0x000002fb   Thumb Code     0  libinit2.o(.ARM.Collect$$libinit$$00000023)
    __rt_lib_init_user_alloc_1               0x000002fb   Thumb Code     0  libinit2.o(.ARM.Collect$$libinit$$0000000A)
    __rt_lib_shutdown                        0x000002fd   Thumb Code     0  libshutdown.o(.ARM.Collect$$libshutdown$$00000000)
    __rt_lib_shutdown_fp_trap_1              0x000002ff   Thumb Code     0  libshutdown2.o(.ARM.Collect$$libshutdown$$00000006)
    __rt_lib_shutdown_heap_1                 0x000002ff   Thumb Code     0  libshutdown2.o(.ARM.Collect$$libshutdown$$0000000E)
    __rt_lib_shutdown_return                 0x000002ff   Thumb Code     0  libshutdown2.o(.ARM.Collect$$libshutdown$$0000000F)
    __rt_lib_shutdown_signal_1               0x000002ff   Thumb Code     0  libshutdown2.o(.ARM.Collect$$libshutdown$$00000009)
    __rt_lib_shutdown_stdio_1                0x000002ff   Thumb Code     0  libshutdown2.o(.ARM.Collect$$libshutdown$$00000003)
    __rt_lib_shutdown_user_alloc_1           0x000002ff   Thumb Code     0  libshutdown2.o(.ARM.Collect$$libshutdown$$0000000B)
    __rt_entry                               0x00000301   Thumb Code     0  rtentry.o(.ARM.Collect$$rtentry$$00000000)
    __rt_entry_presh_1                       0x00000301   Thumb Code     0  rtentry2.o(.ARM.Collect$$rtentry$$00000002)
    __rt_entry_sh                            0x00000301   Thumb Code     0  rtentry4.o(.ARM.Collect$$rtentry$$00000004)
    __rt_entry_li                            0x00000307   Thumb Code     0  rtentry2.o(.ARM.Collect$$rtentry$$0000000A)
    __rt_entry_postsh_1                      0x00000307   Thumb Code     0  rtentry2.o(.ARM.Collect$$rtentry$$00000009)
    __rt_entry_main                          0x0000030b   Thumb Code     0  rtentry2.o(.ARM.Collect$$rtentry$$0000000D)
    __rt_entry_postli_1                      0x0000030b   Thumb Code     0  rtentry2.o(.ARM.Collect$$rtentry$$0000000C)
    __rt_exit                                0x00000313   Thumb Code     0  rtexit.o(.ARM.Collect$$rtexit$$00000000)
    __rt_exit_ls                             0x00000315   Thumb Code     0  rtexit2.o(.ARM.Collect$$rtexit$$00000003)
    __rt_exit_prels_1                        0x00000315   Thumb Code     0  rtexit2.o(.ARM.Collect$$rtexit$$00000002)
    __rt_exit_exit                           0x00000319   Thumb Code     0  rtexit2.o(.ARM.Collect$$rtexit$$00000004)
    writecommand                             0x00000321   Thumb Code     0  lcd.o(.text)
    writedata                                0x00000347   Thumb Code     0  lcd.o(.text)
    Random_Init                              0x00000371   Thumb Code     0  random.o(.text)
    Random32                                 0x0000037b   Thumb Code     2  random.o(.text)
    Random                                   0x0000038d   Thumb Code     2  random.o(.text)
    DisableInterrupts                        0x000003b1   Thumb Code     0  startup.o(.text)
    EnableInterrupts                         0x000003b5   Thumb Code     0  startup.o(.text)
    StartCritical                            0x000003b9   Thumb Code     0  startup.o(.text)
    EndCritical                              0x000003c1   Thumb Code     0  startup.o(.text)
    WaitForInterrupt                         0x000003c7   Thumb Code     0  startup.o(.text)
    __user_initial_stackheap                 0x000003cb   Thumb Code     0  startup.o(.text)
    __aeabi_memcpy4                          0x000003e1   Thumb Code     0  rt_memcpy_w.o(.text)
    __aeabi_memcpy8                          0x000003e1   Thumb Code     0  rt_memcpy_w.o(.text)
    __rt_memcpy_w                            0x000003e1   Thumb Code   100  rt_memcpy_w.o(.text)
    _memcpy_lastbytes_aligned                0x00000429   Thumb Code     0  rt_memcpy_w.o(.text)
    __use_two_region_memory                  0x00000445   Thumb Code     2  heapauxi.o(.text)
    __rt_heap_escrow$2region                 0x00000447   Thumb Code     2  heapauxi.o(.text)
    __rt_heap_expand$2region                 0x00000449   Thumb Code     2  heapauxi.o(.text)
    __read_errno                             0x0000044b   Thumb Code    10  _rserrno.o(.text)
    __set_errno                              0x00000455   Thumb Code    12  _rserrno.o(.text)
    __aeabi_errno_addr                       0x00000461   Thumb Code     8  rt_errno_addr_intlibspace.o(.text)
    __errno$intlibspace                      0x00000461   Thumb Code     0  rt_errno_addr_intlibspace.o(.text)
    __rt_errno_addr$intlibspace              0x00000461   Thumb Code     0  rt_errno_addr_intlibspace.o(.text)
    __user_libspace                          0x00000469   Thumb Code     8  libspace.o(.text)
    __user_perproc_libspace                  0x00000469   Thumb Code     0  libspace.o(.text)
    __user_perthread_libspace                0x00000469   Thumb Code     0  libspace.o(.text)
    __user_setup_stackheap                   0x00000471   Thumb Code    74  sys_stackheap_outer.o(.text)
    exit                                     0x000004bb   Thumb Code    12  exit.o(.text)
    _sys_exit                                0x000004c9   Thumb Code     8  sys_exit.o(.text)
    __I$use$semihosting                      0x000004d5   Thumb Code     0  use_no_semi.o(.text)
    __use_no_semihosting_swi                 0x000004d5   Thumb Code     2  use_no_semi.o(.text)
    __semihosting_library_function           0x000004d7   Thumb Code     0  indicate_semi.o(.text)
    ADC_In                                   0x000004d9   Thumb Code    36  adc.o(i.ADC_In)
    ADC_Init                                 0x00000505   Thumb Code   220  adc.o(i.ADC_Init)
    DAC_Init                                 0x000005f9   Thumb Code    94  dac.o(i.DAC_Init)
    DAC_Out                                  0x00000665   Thumb Code    62  dac.o(i.DAC_Out)
    Delay1ms                                 0x000006a9   Thumb Code    32  st7735.o(i.Delay1ms)
    EdgeCounter_Init                         0x000006c9   Thumb Code   188  inputhardware.o(i.EdgeCounter_Init)
    GPIOPortF_Handler                        0x0000079d   Thumb Code    30  inputhardware.o(i.GPIOPortF_Handler)
    Output_Init                              0x000007c9   Thumb Code    16  st7735.o(i.Output_Init)
    PLL_Init                                 0x000007d9   Thumb Code   118  pll.o(i.PLL_Init)
    Port_Init                                0x00000855   Thumb Code   176  inputhardware.o(i.Port_Init)
    ST7735_Convert                           0x0000091d   Thumb Code    64  st7735.o(i.ST7735_Convert)
    ST7735_DrawBitmap16                      0x0000095d   Thumb Code   280  st7735.o(i.ST7735_DrawBitmap16)
    ST7735_DrawBitmap8                       0x00000a7d   Thumb Code   290  st7735.o(i.ST7735_DrawBitmap8)
    ST7735_FillRect                          0x00000ba9   Thumb Code   164  st7735.o(i.ST7735_FillRect)
    ST7735_FillScreen                        0x00000c55   Thumb Code    28  st7735.o(i.ST7735_FillScreen)
    ST7735_InitR                             0x00000c79   Thumb Code    90  st7735.o(i.ST7735_InitR)
    ST7735_SetCursor                         0x00000cf5   Thumb Code    22  st7735.o(i.ST7735_SetCursor)
    Seed                                     0x00000d15   Thumb Code    14  randomgenerate.o(i.Seed)
    Sound_Explosion1                         0x00000d25   Thumb Code    14  sound.o(i.Sound_Explosion1)
    Sound_Explosion2                         0x00000d39   Thumb Code    14  sound.o(i.Sound_Explosion2)
    Sound_Init                               0x00000d4d   Thumb Code    16  sound.o(i.Sound_Init)
    Sound_NoShoot                            0x00000d5d   Thumb Code    14  sound.o(i.Sound_NoShoot)
    Sound_P1Win                              0x00000d71   Thumb Code    14  sound.o(i.Sound_P1Win)
    Sound_P2Win                              0x00000d85   Thumb Code    14  sound.o(i.Sound_P2Win)
    Sound_Shoot                              0x00000d99   Thumb Code    14  sound.o(i.Sound_Shoot)
    SysTick_Handler                          0x00000dad   Thumb Code   408  inputhardware.o(i.SysTick_Handler)
    SysTick_Init                             0x00000f81   Thumb Code    50  inputhardware.o(i.SysTick_Init)
    Timer0A_Handler                          0x00000fbd   Thumb Code    54  timer0.o(i.Timer0A_Handler)
    Timer0A_SoundSet                         0x00001001   Thumb Code    26  timer0.o(i.Timer0A_SoundSet)
    Timer0_Init                              0x0000102d   Thumb Code    70  timer0.o(i.Timer0_Init)
    __ARM_fpclassify                         0x00001089   Thumb Code    40  fpclassify.o(i.__ARM_fpclassify)
    __ieee754_rem_pio2                       0x000010b1   Thumb Code   832  rred.o(i.__ieee754_rem_pio2)
    __kernel_cos                             0x00001439   Thumb Code   230  cos_i.o(i.__kernel_cos)
    __kernel_poly                            0x00001535   Thumb Code   170  poly.o(i.__kernel_poly)
    __kernel_sin                             0x000015e1   Thumb Code   224  sin_i.o(i.__kernel_sin)
    __mathlib_dbl_underflow                  0x000016cd   Thumb Code    10  dunder.o(i.__mathlib_dbl_underflow)
    acceleratePlayer                         0x000016dd   Thumb Code   302  gamephysics.o(i.acceleratePlayer)
    audioScale                               0x00001821   Thumb Code    36  dac.o(i.audioScale)
    bulletCD                                 0x0000184d   Thumb Code   496  gamephysics.o(i.bulletCD)
    cacheMapInit                             0x00001a55   Thumb Code    48  astroparty.o(i.cacheMapInit)
    changeMenuItem                           0x00001a95   Thumb Code   224  astroparty.o(i.changeMenuItem)
    clear                                    0x00001b85   Thumb Code    20  lcdbuffer.o(i.clear)
    cornerMapInit                            0x00001d79   Thumb Code    48  astroparty.o(i.cornerMapInit)
    cos                                      0x00001db9   Thumb Code   164  cos.o(i.cos)
    draw                                     0x00001e65   Thumb Code   268  lcdbuffer.o(i.draw)
    drawBullet                               0x00001f7d   Thumb Code   104  lcdbuffer.o(i.drawBullet)
    drawBulletExplosion                      0x00001fe9   Thumb Code    58  lcdbuffer.o(i.drawBulletExplosion)
    drawLaser                                0x00002025   Thumb Code   122  lcdbuffer.o(i.drawLaser)
    drawParticle                             0x000020a9   Thumb Code    22  lcdbuffer.o(i.drawParticle)
    drawPlayer                               0x000020c5   Thumb Code   240  lcdbuffer.o(i.drawPlayer)
    drawPowerUps                             0x000021c1   Thumb Code   196  lcdbuffer.o(i.drawPowerUps)
    drawWalls                                0x0000228d   Thumb Code   340  lcdbuffer.o(i.drawWalls)
    eraseLaser                               0x000023e9   Thumb Code   316  lcdbuffer.o(i.eraseLaser)
    eraseParticle                            0x00002535   Thumb Code    28  lcdbuffer.o(i.eraseParticle)
    eraseRect                                0x00002559   Thumb Code   162  lcdbuffer.o(i.eraseRect)
    fillRect                                 0x00002605   Thumb Code   154  lcdbuffer.o(i.fillRect)
    gameInit                                 0x000026a5   Thumb Code   102  astroparty.o(i.gameInit)
    hallMapInit                              0x00002721   Thumb Code    48  astroparty.o(i.hallMapInit)
    laserCD                                  0x00002761   Thumb Code   284  gamephysics.o(i.laserCD)
    main                                     0x00002881   Thumb Code   138  astroparty.o(i.main)
    menu                                     0x00002925   Thumb Code   162  astroparty.o(i.menu)
    menuScale                                0x000029f1   Thumb Code    36  adc.o(i.menuScale)
    moveBullets                              0x00002a15   Thumb Code  1124  gamephysics.o(i.moveBullets)
    moveParticles                            0x00002e89   Thumb Code   392  gamephysics.o(i.moveParticles)
    movePlayer                               0x0000301d   Thumb Code  1510  gamephysics.o(i.movePlayer)
    particleGenerate                         0x00003619   Thumb Code   312  gamephysics.o(i.particleGenerate)
    pauseGame                                0x00003761   Thumb Code    12  astroparty.o(i.pauseGame)
    playerCD                                 0x00003771   Thumb Code   362  gamephysics.o(i.playerCD)
    playerInit                               0x000038e9   Thumb Code   124  astroparty.o(i.playerInit)
    powerUpCD                                0x00003989   Thumb Code   400  gamephysics.o(i.powerUpCD)
    powerUpInit                              0x00003b25   Thumb Code   700  astroparty.o(i.powerUpInit)
    randomGenerate                           0x00003e15   Thumb Code    26  randomgenerate.o(i.randomGenerate)
    resetGame                                0x00003e31   Thumb Code   104  astroparty.o(i.resetGame)
    resetP1                                  0x00003ead   Thumb Code   146  astroparty.o(i.resetP1)
    resetP2                                  0x00003f4d   Thumb Code   148  astroparty.o(i.resetP2)
    rotatePlayer                             0x00003fed   Thumb Code    92  gamephysics.o(i.rotatePlayer)
    selectMenuItem                           0x00004051   Thumb Code   158  astroparty.o(i.selectMenuItem)
    shootBullet                              0x00004189   Thumb Code   756  gamephysics.o(i.shootBullet)
    shootLaser                               0x000044a9   Thumb Code  1468  gamephysics.o(i.shootLaser)
    sin                                      0x00004a81   Thumb Code   166  sin.o(i.sin)
    spawnPowerUps                            0x00004b31   Thumb Code    70  gamephysics.o(i.spawnPowerUps)
    startScreen                              0x00004b7d   Thumb Code    32  astroparty.o(i.startScreen)
    update                                   0x00004ba5   Thumb Code   200  astroparty.o(i.update)
    wallBulletCD                             0x00004c8d   Thumb Code   248  gamephysics.o(i.wallBulletCD)
    win                                      0x00004d89   Thumb Code   216  astroparty.o(i.win)
    __aeabi_dadd                             0x00004e89   Thumb Code     0  daddsub_clz.o(x$fpl$dadd)
    _dadd                                    0x00004e89   Thumb Code   332  daddsub_clz.o(x$fpl$dadd)
    __fpl_dcheck_NaN1                        0x00004fd9   Thumb Code    10  dcheck1.o(x$fpl$dcheck1)
    __fpl_dcmp_Inf                           0x00004fe9   Thumb Code    24  dcmpi.o(x$fpl$dcmpinf)
    __aeabi_ddiv                             0x00005001   Thumb Code     0  ddiv.o(x$fpl$ddiv)
    _ddiv                                    0x00005001   Thumb Code   552  ddiv.o(x$fpl$ddiv)
    __aeabi_d2iz                             0x000052b1   Thumb Code     0  dfix.o(x$fpl$dfix)
    _dfix                                    0x000052b1   Thumb Code    94  dfix.o(x$fpl$dfix)
    __aeabi_d2uiz                            0x00005311   Thumb Code     0  dfixu.o(x$fpl$dfixu)
    _dfixu                                   0x00005311   Thumb Code    90  dfixu.o(x$fpl$dfixu)
    __aeabi_i2d                              0x0000536b   Thumb Code     0  dflt_clz.o(x$fpl$dflt)
    _dflt                                    0x0000536b   Thumb Code    46  dflt_clz.o(x$fpl$dflt)
    __aeabi_ui2d                             0x00005399   Thumb Code     0  dflt_clz.o(x$fpl$dfltu)
    _dfltu                                   0x00005399   Thumb Code    38  dflt_clz.o(x$fpl$dfltu)
    __aeabi_cdcmple                          0x000053c1   Thumb Code     0  dleqf.o(x$fpl$dleqf)
    _dcmple                                  0x000053c1   Thumb Code   120  dleqf.o(x$fpl$dleqf)
    __fpl_dcmple_InfNaN                      0x00005423   Thumb Code     0  dleqf.o(x$fpl$dleqf)
    __aeabi_dmul                             0x00005439   Thumb Code     0  dmul.o(x$fpl$dmul)
    _dmul                                    0x00005439   Thumb Code   332  dmul.o(x$fpl$dmul)
    __fpl_dnaninf                            0x0000558d   Thumb Code   156  dnaninf.o(x$fpl$dnaninf)
    __fpl_dretinf                            0x00005629   Thumb Code    12  dretinf.o(x$fpl$dretinf)
    __aeabi_cdrcmple                         0x00005635   Thumb Code     0  drleqf.o(x$fpl$drleqf)
    _drcmple                                 0x00005635   Thumb Code   108  drleqf.o(x$fpl$drleqf)
    __aeabi_drsub                            0x000056a1   Thumb Code     0  daddsub_clz.o(x$fpl$drsb)
    _drsb                                    0x000056a1   Thumb Code    22  daddsub_clz.o(x$fpl$drsb)
    __aeabi_dsub                             0x000056b9   Thumb Code     0  daddsub_clz.o(x$fpl$dsub)
    _dsub                                    0x000056b9   Thumb Code   464  daddsub_clz.o(x$fpl$dsub)
    __fpl_return_NaN                         0x0000588d   Thumb Code   100  retnan.o(x$fpl$retnan)
    __ARM_scalbn                             0x000058f1   Thumb Code    92  scalbn.o(x$fpl$scalbn)
    __fpl_cmpreturn                          0x0000594d   Thumb Code    48  trapv.o(x$fpl$trapveneer)
    __I$use$fp                               0x0000597c   Number         0  usenofp.o(x$fpl$usenofp)
    Win_P1                                   0x00005980   Data        3150  astroparty.o(.constdata)
    Win_P1_180                               0x000065ce   Data        3150  astroparty.o(.constdata)
    Win_P2                                   0x0000721c   Data        3000  astroparty.o(.constdata)
    Win_P2_180                               0x00007dd4   Data        3000  astroparty.o(.constdata)
    Astro_Start_Menu                         0x0000898c   Data       40960  astroparty.o(.constdata)
    Kill_1                                   0x0001298c   Data        2250  astroparty.o(.constdata)
    Kill_3                                   0x00013256   Data        2250  astroparty.o(.constdata)
    Kill_5                                   0x00013b20   Data        2250  astroparty.o(.constdata)
    Level_Corner                             0x000143ea   Data        2610  astroparty.o(.constdata)
    Level_Hall                               0x00014e1c   Data        2610  astroparty.o(.constdata)
    Level_Cache                              0x0001584e   Data        2610  astroparty.o(.constdata)
    Level_Random                             0x00016280   Data        2610  astroparty.o(.constdata)
    Start                                    0x00016cb2   Data        1000  astroparty.o(.constdata)
    Corner_Map                               0x0001709a   Data       20480  astroparty.o(.constdata)
    Hall_Map                                 0x0001c09a   Data       20480  astroparty.o(.constdata)
    Cache_Map                                0x0002109a   Data       20480  astroparty.o(.constdata)
    Reverse_Sprite                           0x0002609a   Data          81  astroparty.o(.constdata)
    Mine_Sprite                              0x000260eb   Data          81  astroparty.o(.constdata)
    Laser_Beam_Sprite                        0x0002613c   Data           9  astroparty.o(.constdata)
    Laser_Sprite                             0x00026145   Data          81  astroparty.o(.constdata)
    Blades_Sprite                            0x00026196   Data          81  astroparty.o(.constdata)
    Bullet_Sprite                            0x000261e7   Data           4  astroparty.o(.constdata)
    Bullet_Explosion                         0x000261eb   Data          81  astroparty.o(.constdata)
    P1_0                                     0x0002623c   Data          81  astroparty.o(.constdata)
    P1_1                                     0x0002628d   Data          81  astroparty.o(.constdata)
    P1_2                                     0x000262de   Data          81  astroparty.o(.constdata)
    P1_3                                     0x0002632f   Data          81  astroparty.o(.constdata)
    P1_4                                     0x00026380   Data          81  astroparty.o(.constdata)
    P1_5                                     0x000263d1   Data          81  astroparty.o(.constdata)
    P1_6                                     0x00026422   Data          81  astroparty.o(.constdata)
    P1_7                                     0x00026473   Data          81  astroparty.o(.constdata)
    P1_8                                     0x000264c4   Data          81  astroparty.o(.constdata)
    P1_9                                     0x00026515   Data          81  astroparty.o(.constdata)
    P1_10                                    0x00026566   Data          81  astroparty.o(.constdata)
    P1_11                                    0x000265b7   Data          81  astroparty.o(.constdata)
    P1_12                                    0x00026608   Data          81  astroparty.o(.constdata)
    P1_13                                    0x00026659   Data          81  astroparty.o(.constdata)
    P1_14                                    0x000266aa   Data          81  astroparty.o(.constdata)
    P1_15                                    0x000266fb   Data          81  astroparty.o(.constdata)
    P1_X                                     0x00026750   Data          24  astroparty.o(.constdata)
    P1_Y                                     0x00026768   Data          24  astroparty.o(.constdata)
    P2_X                                     0x00026780   Data          24  astroparty.o(.constdata)
    P2_Y                                     0x00026798   Data          24  astroparty.o(.constdata)
    PU0_X                                    0x000267b0   Data          24  astroparty.o(.constdata)
    PU0_Y                                    0x000267c8   Data          24  astroparty.o(.constdata)
    PU1_X                                    0x000267e0   Data          24  astroparty.o(.constdata)
    PU1_Y                                    0x000267f8   Data          24  astroparty.o(.constdata)
    PU2_X                                    0x00026810   Data          24  astroparty.o(.constdata)
    PU2_Y                                    0x00026828   Data          24  astroparty.o(.constdata)
    P1Win                                    0x0002713a   Data       14894  sound.o(.constdata)
    P2Win                                    0x0002ab68   Data       11045  sound.o(.constdata)
    Win                                      0x0002d68d   Data        5936  sound.o(.constdata)
    pew                                      0x0002edbd   Data        3320  sound.o(.constdata)
    pewNoAmmo                                0x0002fab5   Data        2681  sound.o(.constdata)
    kaboom                                   0x0003052e   Data        7273  sound.o(.constdata)
    kapow                                    0x00032197   Data        5352  sound.o(.constdata)
    dBfs                                     0x00033c61   Data         512  st7735.o(.constdata)
    Region$$Table$$Base                      0x00033f88   Number         0  anon$$obj.o(Region$$Table)
    Region$$Table$$Limit                     0x00033fa8   Number         0  anon$$obj.o(Region$$Table)
    killsIndex                               0x20000000   Data           1  astroparty.o(.data)
    kills                                    0x20000001   Data           3  astroparty.o(.data)
    killsBtns                                0x20000004   Data          12  astroparty.o(.data)
    mapIndex                                 0x20000010   Data           1  astroparty.o(.data)
    mapBtns                                  0x20000014   Data          12  astroparty.o(.data)
    laserBeam                                0x20000020   Data          56  astroparty.o(.data)
    startGame                                0x20000058   Data           1  astroparty.o(.data)
    randomInd                                0x2000005c   Data           4  astroparty.o(.data)
    stage                                    0x20000060   Data           1  astroparty.o(.data)
    menuItem                                 0x20000061   Data           1  astroparty.o(.data)
    blades                                   0x20000064   Data           8  gamephysics.o(.data)
    FallingEdges                             0x2000006c   Data           4  inputhardware.o(.data)
    PEStatus                                 0x20000070   Data           1  inputhardware.o(.data)
    portE                                    0x20000071   Data           1  inputhardware.o(.data)
    PFStatus                                 0x20000072   Data           1  inputhardware.o(.data)
    portF                                    0x20000073   Data           1  inputhardware.o(.data)
    ADCStatus                                0x20000074   Data           1  inputhardware.o(.data)
    ADCValue                                 0x20000078   Data           4  inputhardware.o(.data)
    StX                                      0x2000007c   Data           4  st7735.o(.data)
    StY                                      0x20000080   Data           4  st7735.o(.data)
    StTextColor                              0x20000084   Data           2  st7735.o(.data)
    lastj                                    0x2000008c   Data           4  st7735.o(.data)
    Messageindex                             0x20000094   Data           4  st7735.o(.data)
    Ymax                                     0x20000098   Data           4  st7735.o(.data)
    Ymin                                     0x2000009c   Data           4  st7735.o(.data)
    X                                        0x200000a0   Data           4  st7735.o(.data)
    Yrange                                   0x200000a4   Data           4  st7735.o(.data)
    game                                     0x200000b8   Data         562  astroparty.o(.bss)
    p1                                       0x200002f0   Data         304  astroparty.o(.bss)
    p2                                       0x20000420   Data         304  astroparty.o(.bss)
    screenBuffer                             0x20000550   Data       20480  astroparty.o(.bss)
    particles                                0x20005550   Data        4800  astroparty.o(.bss)
    __libspace_start                         0x20006810   Data          96  libspace.o(.bss)
    __temporary_stack_top$libspace           0x20006870   Data           0  libspace.o(.bss)



==============================================================================

Memory Map of the image

  Image Entry point : 0x0000026d

  Load Region LR_1 (Base: 0x00000000, Size: 0x00034060, Max: 0xffffffff, ABSOLUTE)

    Execution Region ER_RO (Base: 0x00000000, Size: 0x00033fa8, Max: 0xffffffff, ABSOLUTE)

    Base Addr    Size         Type   Attr      Idx    E Section Name        Object

    0x00000000   0x00000284   Code   RO          865  * RESET               startup.o
    0x00000284   0x00000008   Code   RO          878  * !!!main             c_w.l(__main.o)
    0x0000028c   0x00000034   Code   RO         1120    !!!scatter          c_w.l(__scatter.o)
    0x000002c0   0x0000001a   Code   RO         1122    !!handler_copy      c_w.l(__scatter_copy.o)
    0x000002da   0x00000002   PAD
    0x000002dc   0x0000001c   Code   RO         1124    !!handler_zi        c_w.l(__scatter_zi.o)
    0x000002f8   0x00000002   Code   RO          992    .ARM.Collect$$libinit$$00000000  c_w.l(libinit.o)
    0x000002fa   0x00000000   Code   RO          998    .ARM.Collect$$libinit$$00000002  c_w.l(libinit2.o)
    0x000002fa   0x00000000   Code   RO         1001    .ARM.Collect$$libinit$$00000008  c_w.l(libinit2.o)
    0x000002fa   0x00000000   Code   RO         1003    .ARM.Collect$$libinit$$0000000A  c_w.l(libinit2.o)
    0x000002fa   0x00000000   Code   RO         1005    .ARM.Collect$$libinit$$0000000C  c_w.l(libinit2.o)
    0x000002fa   0x00000000   Code   RO         1008    .ARM.Collect$$libinit$$0000000F  c_w.l(libinit2.o)
    0x000002fa   0x00000000   Code   RO         1010    .ARM.Collect$$libinit$$00000011  c_w.l(libinit2.o)
    0x000002fa   0x00000000   Code   RO         1012    .ARM.Collect$$libinit$$00000013  c_w.l(libinit2.o)
    0x000002fa   0x00000000   Code   RO         1014    .ARM.Collect$$libinit$$00000015  c_w.l(libinit2.o)
    0x000002fa   0x00000000   Code   RO         1016    .ARM.Collect$$libinit$$00000017  c_w.l(libinit2.o)
    0x000002fa   0x00000000   Code   RO         1018    .ARM.Collect$$libinit$$00000019  c_w.l(libinit2.o)
    0x000002fa   0x00000000   Code   RO         1020    .ARM.Collect$$libinit$$0000001B  c_w.l(libinit2.o)
    0x000002fa   0x00000000   Code   RO         1022    .ARM.Collect$$libinit$$0000001D  c_w.l(libinit2.o)
    0x000002fa   0x00000000   Code   RO         1024    .ARM.Collect$$libinit$$0000001F  c_w.l(libinit2.o)
    0x000002fa   0x00000000   Code   RO         1026    .ARM.Collect$$libinit$$00000021  c_w.l(libinit2.o)
    0x000002fa   0x00000000   Code   RO         1028    .ARM.Collect$$libinit$$00000023  c_w.l(libinit2.o)
    0x000002fa   0x00000000   Code   RO         1032    .ARM.Collect$$libinit$$0000002A  c_w.l(libinit2.o)
    0x000002fa   0x00000000   Code   RO         1034    .ARM.Collect$$libinit$$0000002C  c_w.l(libinit2.o)
    0x000002fa   0x00000000   Code   RO         1036    .ARM.Collect$$libinit$$0000002E  c_w.l(libinit2.o)
    0x000002fa   0x00000000   Code   RO         1038    .ARM.Collect$$libinit$$00000030  c_w.l(libinit2.o)
    0x000002fa   0x00000002   Code   RO         1039    .ARM.Collect$$libinit$$00000031  c_w.l(libinit2.o)
    0x000002fc   0x00000002   Code   RO         1061    .ARM.Collect$$libshutdown$$00000000  c_w.l(libshutdown.o)
    0x000002fe   0x00000000   Code   RO         1075    .ARM.Collect$$libshutdown$$00000003  c_w.l(libshutdown2.o)
    0x000002fe   0x00000000   Code   RO         1078    .ARM.Collect$$libshutdown$$00000006  c_w.l(libshutdown2.o)
    0x000002fe   0x00000000   Code   RO         1081    .ARM.Collect$$libshutdown$$00000009  c_w.l(libshutdown2.o)
    0x000002fe   0x00000000   Code   RO         1083    .ARM.Collect$$libshutdown$$0000000B  c_w.l(libshutdown2.o)
    0x000002fe   0x00000000   Code   RO         1086    .ARM.Collect$$libshutdown$$0000000E  c_w.l(libshutdown2.o)
    0x000002fe   0x00000002   Code   RO         1087    .ARM.Collect$$libshutdown$$0000000F  c_w.l(libshutdown2.o)
    0x00000300   0x00000000   Code   RO          926    .ARM.Collect$$rtentry$$00000000  c_w.l(rtentry.o)
    0x00000300   0x00000000   Code   RO          953    .ARM.Collect$$rtentry$$00000002  c_w.l(rtentry2.o)
    0x00000300   0x00000006   Code   RO          965    .ARM.Collect$$rtentry$$00000004  c_w.l(rtentry4.o)
    0x00000306   0x00000000   Code   RO          955    .ARM.Collect$$rtentry$$00000009  c_w.l(rtentry2.o)
    0x00000306   0x00000004   Code   RO          956    .ARM.Collect$$rtentry$$0000000A  c_w.l(rtentry2.o)
    0x0000030a   0x00000000   Code   RO          958    .ARM.Collect$$rtentry$$0000000C  c_w.l(rtentry2.o)
    0x0000030a   0x00000008   Code   RO          959    .ARM.Collect$$rtentry$$0000000D  c_w.l(rtentry2.o)
    0x00000312   0x00000002   Code   RO          995    .ARM.Collect$$rtexit$$00000000  c_w.l(rtexit.o)
    0x00000314   0x00000000   Code   RO         1043    .ARM.Collect$$rtexit$$00000002  c_w.l(rtexit2.o)
    0x00000314   0x00000004   Code   RO         1044    .ARM.Collect$$rtexit$$00000003  c_w.l(rtexit2.o)
    0x00000318   0x00000006   Code   RO         1045    .ARM.Collect$$rtexit$$00000004  c_w.l(rtexit2.o)
    0x0000031e   0x00000002   PAD
    0x00000320   0x00000050   Code   RO          852    .text               lcd.o
    0x00000370   0x00000040   Code   RO          860    .text               random.o
    0x000003b0   0x00000030   Code   RO          866    .text               startup.o
    0x000003e0   0x00000064   Code   RO          874    .text               c_w.l(rt_memcpy_w.o)
    0x00000444   0x00000006   Code   RO          876    .text               c_w.l(heapauxi.o)
    0x0000044a   0x00000016   Code   RO          927    .text               c_w.l(_rserrno.o)
    0x00000460   0x00000008   Code   RO          970    .text               c_w.l(rt_errno_addr_intlibspace.o)
    0x00000468   0x00000008   Code   RO          980    .text               c_w.l(libspace.o)
    0x00000470   0x0000004a   Code   RO          983    .text               c_w.l(sys_stackheap_outer.o)
    0x000004ba   0x0000000c   Code   RO          985    .text               c_w.l(exit.o)
    0x000004c6   0x00000002   PAD
    0x000004c8   0x0000000c   Code   RO         1053    .text               c_w.l(sys_exit.o)
    0x000004d4   0x00000002   Code   RO         1064    .text               c_w.l(use_no_semi.o)
    0x000004d6   0x00000000   Code   RO         1066    .text               c_w.l(indicate_semi.o)
    0x000004d6   0x00000002   PAD
    0x000004d8   0x0000002c   Code   RO            1    i.ADC_In            adc.o
    0x00000504   0x000000f4   Code   RO            2    i.ADC_Init          adc.o
    0x000005f8   0x0000006c   Code   RO          181    i.DAC_Init          dac.o
    0x00000664   0x00000044   Code   RO          182    i.DAC_Out           dac.o
    0x000006a8   0x00000020   Code   RO          548    i.Delay1ms          st7735.o
    0x000006c8   0x000000d4   Code   RO          312    i.EdgeCounter_Init  inputhardware.o
    0x0000079c   0x0000002c   Code   RO          313    i.GPIOPortF_Handler  inputhardware.o
    0x000007c8   0x00000010   Code   RO          551    i.Output_Init       st7735.o
    0x000007d8   0x0000007c   Code   RO          452    i.PLL_Init          pll.o
    0x00000854   0x000000c8   Code   RO          314    i.Port_Init         inputhardware.o
    0x0000091c   0x00000040   Code   RO          555    i.ST7735_Convert    st7735.o
    0x0000095c   0x00000120   Code   RO          556    i.ST7735_DrawBitmap16  st7735.o
    0x00000a7c   0x0000012c   Code   RO          557    i.ST7735_DrawBitmap8  st7735.o
    0x00000ba8   0x000000ac   Code   RO          564    i.ST7735_FillRect   st7735.o
    0x00000c54   0x00000024   Code   RO          565    i.ST7735_FillScreen  st7735.o
    0x00000c78   0x0000007c   Code   RO          567    i.ST7735_InitR      st7735.o
    0x00000cf4   0x00000020   Code   RO          580    i.ST7735_SetCursor  st7735.o
    0x00000d14   0x0000000e   Code   RO          464    i.Seed              randomgenerate.o
    0x00000d22   0x00000002   PAD
    0x00000d24   0x00000014   Code   RO          485    i.Sound_Explosion1  sound.o
    0x00000d38   0x00000014   Code   RO          486    i.Sound_Explosion2  sound.o
    0x00000d4c   0x00000010   Code   RO          487    i.Sound_Init        sound.o
    0x00000d5c   0x00000014   Code   RO          488    i.Sound_NoShoot     sound.o
    0x00000d70   0x00000014   Code   RO          489    i.Sound_P1Win       sound.o
    0x00000d84   0x00000014   Code   RO          490    i.Sound_P2Win       sound.o
    0x00000d98   0x00000014   Code   RO          491    i.Sound_Shoot       sound.o
    0x00000dac   0x000001d4   Code   RO          315    i.SysTick_Handler   inputhardware.o
    0x00000f80   0x0000003c   Code   RO          316    i.SysTick_Init      inputhardware.o
    0x00000fbc   0x00000044   Code   RO          826    i.Timer0A_Handler   timer0.o
    0x00001000   0x0000002c   Code   RO          827    i.Timer0A_SoundSet  timer0.o
    0x0000102c   0x0000005c   Code   RO          828    i.Timer0_Init       timer0.o
    0x00001088   0x00000028   Code   RO          976    i.__ARM_fpclassify  m_ws.l(fpclassify.o)
    0x000010b0   0x00000388   Code   RO          941    i.__ieee754_rem_pio2  m_ws.l(rred.o)
    0x00001438   0x000000fc   Code   RO          938    i.__kernel_cos      m_ws.l(cos_i.o)
    0x00001534   0x000000aa   Code   RO          978    i.__kernel_poly     m_ws.l(poly.o)
    0x000015de   0x00000002   PAD
    0x000015e0   0x000000ec   Code   RO          946    i.__kernel_sin      m_ws.l(sin_i.o)
    0x000016cc   0x00000010   Code   RO          974    i.__mathlib_dbl_underflow  m_ws.l(dunder.o)
    0x000016dc   0x00000144   Code   RO          211    i.acceleratePlayer  gamephysics.o
    0x00001820   0x0000002c   Code   RO          183    i.audioScale        dac.o
    0x0000184c   0x00000208   Code   RO          212    i.bulletCD          gamephysics.o
    0x00001a54   0x00000040   Code   RO           36    i.cacheMapInit      astroparty.o
    0x00001a94   0x000000f0   Code   RO           37    i.changeMenuItem    astroparty.o
    0x00001b84   0x00000018   Code   RO          358    i.clear             lcdbuffer.o
    0x00001b9c   0x00000056   Code   RO          584    i.commandList       st7735.o
    0x00001bf2   0x00000002   PAD
    0x00001bf4   0x00000184   Code   RO          585    i.commonInit        st7735.o
    0x00001d78   0x00000040   Code   RO           38    i.cornerMapInit     astroparty.o
    0x00001db8   0x000000ac   Code   RO          911    i.cos               m_ws.l(cos.o)
    0x00001e64   0x00000118   Code   RO          359    i.draw              lcdbuffer.o
    0x00001f7c   0x0000006c   Code   RO          360    i.drawBullet        lcdbuffer.o
    0x00001fe8   0x0000003a   Code   RO          361    i.drawBulletExplosion  lcdbuffer.o
    0x00002022   0x00000002   PAD
    0x00002024   0x00000084   Code   RO          362    i.drawLaser         lcdbuffer.o
    0x000020a8   0x0000001c   Code   RO          363    i.drawParticle      lcdbuffer.o
    0x000020c4   0x000000fc   Code   RO          364    i.drawPlayer        lcdbuffer.o
    0x000021c0   0x000000cc   Code   RO          365    i.drawPowerUps      lcdbuffer.o
    0x0000228c   0x0000015c   Code   RO          367    i.drawWalls         lcdbuffer.o
    0x000023e8   0x0000014c   Code   RO          368    i.eraseLaser        lcdbuffer.o
    0x00002534   0x00000024   Code   RO          369    i.eraseParticle     lcdbuffer.o
    0x00002558   0x000000ac   Code   RO          370    i.eraseRect         lcdbuffer.o
    0x00002604   0x000000a0   Code   RO          371    i.fillRect          lcdbuffer.o
    0x000026a4   0x0000007c   Code   RO           39    i.gameInit          astroparty.o
    0x00002720   0x00000040   Code   RO           40    i.hallMapInit       astroparty.o
    0x00002760   0x00000120   Code   RO          213    i.laserCD           gamephysics.o
    0x00002880   0x000000a4   Code   RO           41    i.main              astroparty.o
    0x00002924   0x000000cc   Code   RO           42    i.menu              astroparty.o
    0x000029f0   0x00000024   Code   RO            3    i.menuScale         adc.o
    0x00002a14   0x00000474   Code   RO          214    i.moveBullets       gamephysics.o
    0x00002e88   0x00000194   Code   RO          215    i.moveParticles     gamephysics.o
    0x0000301c   0x000005fc   Code   RO          216    i.movePlayer        gamephysics.o
    0x00003618   0x00000148   Code   RO          217    i.particleGenerate  gamephysics.o
    0x00003760   0x00000010   Code   RO           43    i.pauseGame         astroparty.o
    0x00003770   0x00000178   Code   RO          218    i.playerCD          gamephysics.o
    0x000038e8   0x000000a0   Code   RO           44    i.playerInit        astroparty.o
    0x00003988   0x0000019c   Code   RO          219    i.powerUpCD         gamephysics.o
    0x00003b24   0x000002f0   Code   RO           45    i.powerUpInit       astroparty.o
    0x00003e14   0x0000001a   Code   RO          465    i.randomGenerate    randomgenerate.o
    0x00003e2e   0x00000002   PAD
    0x00003e30   0x0000007c   Code   RO           46    i.resetGame         astroparty.o
    0x00003eac   0x000000a0   Code   RO           47    i.resetP1           astroparty.o
    0x00003f4c   0x000000a0   Code   RO           48    i.resetP2           astroparty.o
    0x00003fec   0x00000064   Code   RO          220    i.rotatePlayer      gamephysics.o
    0x00004050   0x000000c4   Code   RO           49    i.selectMenuItem    astroparty.o
    0x00004114   0x00000074   Code   RO          591    i.setAddrWindow     st7735.o
    0x00004188   0x00000320   Code   RO          221    i.shootBullet       gamephysics.o
    0x000044a8   0x000005d8   Code   RO          222    i.shootLaser        gamephysics.o
    0x00004a80   0x000000b0   Code   RO          919    i.sin               m_ws.l(sin.o)
    0x00004b30   0x0000004c   Code   RO          223    i.spawnPowerUps     gamephysics.o
    0x00004b7c   0x00000028   Code   RO           50    i.startScreen       astroparty.o
    0x00004ba4   0x000000e8   Code   RO           51    i.update            astroparty.o
    0x00004c8c   0x000000fc   Code   RO          224    i.wallBulletCD      gamephysics.o
    0x00004d88   0x00000100   Code   RO           52    i.win               astroparty.o
    0x00004e88   0x00000150   Code   RO          880    x$fpl$dadd          fz_ws.l(daddsub_clz.o)
    0x00004fd8   0x00000010   Code   RO          972    x$fpl$dcheck1       fz_ws.l(dcheck1.o)
    0x00004fe8   0x00000018   Code   RO          929    x$fpl$dcmpinf       fz_ws.l(dcmpi.o)
    0x00005000   0x000002b0   Code   RO          887    x$fpl$ddiv          fz_ws.l(ddiv.o)
    0x000052b0   0x0000005e   Code   RO          890    x$fpl$dfix          fz_ws.l(dfix.o)
    0x0000530e   0x00000002   PAD
    0x00005310   0x0000005a   Code   RO          894    x$fpl$dfixu         fz_ws.l(dfixu.o)
    0x0000536a   0x0000002e   Code   RO          899    x$fpl$dflt          fz_ws.l(dflt_clz.o)
    0x00005398   0x00000026   Code   RO          898    x$fpl$dfltu         fz_ws.l(dflt_clz.o)
    0x000053be   0x00000002   PAD
    0x000053c0   0x00000078   Code   RO          904    x$fpl$dleqf         fz_ws.l(dleqf.o)
    0x00005438   0x00000154   Code   RO          906    x$fpl$dmul          fz_ws.l(dmul.o)
    0x0000558c   0x0000009c   Code   RO          931    x$fpl$dnaninf       fz_ws.l(dnaninf.o)
    0x00005628   0x0000000c   Code   RO          933    x$fpl$dretinf       fz_ws.l(dretinf.o)
    0x00005634   0x0000006c   Code   RO          908    x$fpl$drleqf        fz_ws.l(drleqf.o)
    0x000056a0   0x00000016   Code   RO          881    x$fpl$drsb          fz_ws.l(daddsub_clz.o)
    0x000056b6   0x00000002   PAD
    0x000056b8   0x000001d4   Code   RO          882    x$fpl$dsub          fz_ws.l(daddsub_clz.o)
    0x0000588c   0x00000064   Code   RO          993    x$fpl$retnan        fz_ws.l(retnan.o)
    0x000058f0   0x0000005c   Code   RO          935    x$fpl$scalbn        fz_ws.l(scalbn.o)
    0x0000594c   0x00000030   Code   RO         1040    x$fpl$trapveneer    fz_ws.l(trapv.o)
    0x0000597c   0x00000000   Code   RO          937    x$fpl$usenofp       fz_ws.l(usenofp.o)
    0x0000597c   0x00000004   PAD
    0x00005980   0x000217ba   Data   RO           54    .constdata          astroparty.o
    0x0002713a   0x0000c545   Data   RO          493    .constdata          sound.o
    0x0003367f   0x000007e2   Data   RO          593    .constdata          st7735.o
    0x00033e61   0x00000007   PAD
    0x00033e68   0x00000030   Data   RO          939    .constdata          m_ws.l(cos_i.o)
    0x00033e98   0x000000c8   Data   RO          943    .constdata          m_ws.l(rred.o)
    0x00033f60   0x00000028   Data   RO          947    .constdata          m_ws.l(sin_i.o)
    0x00033f88   0x00000020   Data   RO         1118    Region$$Table       anon$$obj.o


    Execution Region ER_RW (Base: 0x20000000, Size: 0x000000b8, Max: 0xffffffff, ABSOLUTE)

    Base Addr    Size         Type   Attr      Idx    E Section Name        Object

    0x20000000   0x00000062   Data   RW           55    .data               astroparty.o
    0x20000062   0x00000002   PAD
    0x20000064   0x00000008   Data   RW          225    .data               gamephysics.o
    0x2000006c   0x00000010   Data   RW          317    .data               inputhardware.o
    0x2000007c   0x0000002c   Data   RW          594    .data               st7735.o
    0x200000a8   0x0000000c   Data   RW          829    .data               timer0.o
    0x200000b4   0x00000004   Data   RW          859    DATA                random.o


    Execution Region ER_ZI (Base: 0x200000b8, Size: 0x00006bb8, Max: 0xffffffff, ABSOLUTE)

    Base Addr    Size         Type   Attr      Idx    E Section Name        Object

    0x200000b8   0x00006758   Zero   RW           53    .bss                astroparty.o
    0x20006810   0x00000060   Zero   RW          981    .bss                c_w.l(libspace.o)
    0x20006870   0x00000000   Zero   RW          864    HEAP                startup.o
    0x20006870   0x00000400   Zero   RW          863    STACK               startup.o


==============================================================================

Image component sizes


      Code (inc. data)   RO Data    RW Data    ZI Data      Debug   Object Name

       324         32          0          0          0       5552   adc.o
      3020        410     137146         98      26456      14513   astroparty.o
       220         28          0          0          0       1310   dac.o
      8048        294          0          8          0      12279   gamephysics.o
       984        132          0         16          0       2784   inputhardware.o
        80         14          0          0          0        240   lcd.o
      2134        104          0          0          0       8621   lcdbuffer.o
       124          6          0          0          0        423   pll.o
        64         14          0          4          0        208   random.o
        40          0          0          0          0        876   randomgenerate.o
       136         36      50501          0          0       3422   sound.o
      1654        136       2018         44          0      10342   st7735.o
       692        632          0          0       1024        884   startup.o
       204         54          0         12          0       1711   timer0.o

    ----------------------------------------------------------------------
     17732       1892     189704        184      27480      63165   Object Totals
         0          0         32          0          0          0   (incl. Generated)
         8          0          7          2          0          0   (incl. Padding)

    ----------------------------------------------------------------------

      Code (inc. data)   RO Data    RW Data    ZI Data      Debug   Library Member Name

         8          0          0          0          0         68   __main.o
        52          8          0          0          0          0   __scatter.o
        26          0          0          0          0          0   __scatter_copy.o
        28          0          0          0          0          0   __scatter_zi.o
        22          0          0          0          0        100   _rserrno.o
        12          0          0          0          0         72   exit.o
         6          0          0          0          0        152   heapauxi.o
         0          0          0          0          0          0   indicate_semi.o
         2          0          0          0          0          0   libinit.o
         2          0          0          0          0          0   libinit2.o
         2          0          0          0          0          0   libshutdown.o
         2          0          0          0          0          0   libshutdown2.o
         8          4          0          0         96         68   libspace.o
         8          4          0          0          0         68   rt_errno_addr_intlibspace.o
       100          0          0          0          0         80   rt_memcpy_w.o
         0          0          0          0          0          0   rtentry.o
        12          0          0          0          0          0   rtentry2.o
         6          0          0          0          0          0   rtentry4.o
         2          0          0          0          0          0   rtexit.o
        10          0          0          0          0          0   rtexit2.o
        12          4          0          0          0         68   sys_exit.o
        74          0          0          0          0         80   sys_stackheap_outer.o
         2          0          0          0          0         68   use_no_semi.o
       826         16          0          0          0        348   daddsub_clz.o
        16          4          0          0          0         68   dcheck1.o
        24          0          0          0          0         68   dcmpi.o
       688        140          0          0          0        208   ddiv.o
        94          4          0          0          0         92   dfix.o
        90          4          0          0          0         92   dfixu.o
        84          0          0          0          0        136   dflt_clz.o
       120          4          0          0          0         92   dleqf.o
       340         12          0          0          0        104   dmul.o
       156          4          0          0          0         92   dnaninf.o
        12          0          0          0          0         68   dretinf.o
       108          0          0          0          0         80   drleqf.o
       100          0          0          0          0         68   retnan.o
        92          0          0          0          0         68   scalbn.o
        48          0          0          0          0         68   trapv.o
         0          0          0          0          0          0   usenofp.o
       172          8          0          0          0        112   cos.o
       252         22         48          0          0        124   cos_i.o
        16          6          0          0          0         68   dunder.o
        40          0          0          0          0         68   fpclassify.o
       170          0          0          0          0         96   poly.o
       904         72        200          0          0        140   rred.o
       176         10          0          0          0        116   sin.o
       236         12         40          0          0        128   sin_i.o

    ----------------------------------------------------------------------
      5180        338        288          0         96       3328   Library Totals
        20          0          0          0          0          0   (incl. Padding)

    ----------------------------------------------------------------------

      Code (inc. data)   RO Data    RW Data    ZI Data      Debug   Library Name

       396         20          0          0         96        824   c_w.l
      2798        188          0          0          0       1652   fz_ws.l
      1966        130        288          0          0        852   m_ws.l

    ----------------------------------------------------------------------
      5180        338        288          0         96       3328   Library Totals

    ----------------------------------------------------------------------

==============================================================================


      Code (inc. data)   RO Data    RW Data    ZI Data      Debug   

     22912       2230     189992        184      27576      60721   Grand Totals
     22912       2230     189992        184      27576      60721   ELF Image Totals
     22912       2230     189992        184          0          0   ROM Totals

==============================================================================

    Total RO  Size (Code + RO Data)               212904 ( 207.91kB)
    Total RW  Size (RW Data + ZI Data)             27760 (  27.11kB)
    Total ROM Size (Code + RO Data + RW Data)     213088 ( 208.09kB)

==============================================================================

